// Jest Snapshot v1, https://goo.gl/fbAQLP

exports[`Generate Json Object For Admin Tables Should back with Json Settings 1`] = `
{
  "enums": [
    {
      "fields": [
        "ADMIN",
        "USER",
      ],
      "name": "Role",
    },
  ],
  "models": [
    {
      "create": true,
      "delete": true,
      "displayFields": [
        "id",
      ],
      "fields": [
        {
          "create": false,
          "defaultValue": "autoincrement()",
          "editor": false,
          "filter": true,
          "id": "User.id",
          "isId": true,
          "kind": "scalar",
          "list": false,
          "map": undefined,
          "name": "id",
          "order": -1,
          "read": true,
          "relationField": false,
          "required": true,
          "sort": true,
          "title": "Id",
          "type": "Int",
          "unique": false,
          "update": false,
          "upload": false,
        },
        {
          "create": false,
          "defaultValue": "now()",
          "editor": false,
          "filter": true,
          "id": "User.createdAt",
          "isId": false,
          "kind": "scalar",
          "list": false,
          "map": undefined,
          "name": "createdAt",
          "order": -1,
          "read": true,
          "relationField": false,
          "required": true,
          "sort": true,
          "title": "Created At",
          "type": "DateTime",
          "unique": false,
          "update": false,
          "upload": false,
        },
        {
          "create": true,
          "defaultValue": undefined,
          "editor": false,
          "filter": true,
          "id": "User.email",
          "isId": false,
          "kind": "scalar",
          "list": false,
          "map": undefined,
          "name": "email",
          "order": -1,
          "read": true,
          "relationField": false,
          "required": true,
          "sort": true,
          "title": "Email",
          "type": "String",
          "unique": true,
          "update": true,
          "upload": false,
        },
        {
          "create": true,
          "defaultValue": undefined,
          "editor": false,
          "filter": true,
          "id": "User.name",
          "isId": false,
          "kind": "scalar",
          "list": false,
          "map": undefined,
          "name": "name",
          "order": -1,
          "read": true,
          "relationField": false,
          "required": false,
          "sort": true,
          "title": "Name",
          "type": "String",
          "unique": false,
          "update": true,
          "upload": false,
        },
        {
          "create": true,
          "defaultValue": undefined,
          "editor": false,
          "filter": true,
          "id": "User.password",
          "isId": false,
          "kind": "scalar",
          "list": false,
          "map": undefined,
          "name": "password",
          "order": -1,
          "read": true,
          "relationField": false,
          "required": true,
          "sort": true,
          "title": "Password",
          "type": "String",
          "unique": false,
          "update": true,
          "upload": false,
        },
        {
          "create": true,
          "defaultValue": ""{}"",
          "editor": false,
          "filter": true,
          "id": "User.permissions",
          "isId": false,
          "kind": "scalar",
          "list": false,
          "map": undefined,
          "name": "permissions",
          "order": -1,
          "read": true,
          "relationField": false,
          "required": true,
          "sort": true,
          "title": "Permissions",
          "type": "Json",
          "unique": false,
          "update": true,
          "upload": false,
        },
        {
          "create": true,
          "defaultValue": undefined,
          "editor": false,
          "filter": true,
          "id": "User.posts",
          "isId": false,
          "kind": "object",
          "list": true,
          "map": undefined,
          "name": "posts",
          "order": -1,
          "read": true,
          "required": false,
          "sort": true,
          "title": "Posts",
          "type": "Post",
          "unique": false,
          "update": true,
          "upload": false,
        },
      ],
      "id": "User",
      "idField": "id",
      "name": "User",
      "update": true,
    },
    {
      "create": true,
      "delete": true,
      "displayFields": [
        "id",
      ],
      "fields": [
        {
          "create": false,
          "defaultValue": "autoincrement()",
          "editor": false,
          "filter": true,
          "id": "Post.id",
          "isId": true,
          "kind": "scalar",
          "list": false,
          "map": undefined,
          "name": "id",
          "order": -1,
          "read": true,
          "relationField": false,
          "required": true,
          "sort": true,
          "title": "Id",
          "type": "Int",
          "unique": false,
          "update": false,
          "upload": false,
        },
        {
          "create": true,
          "defaultValue": "false",
          "editor": false,
          "filter": true,
          "id": "Post.published",
          "isId": false,
          "kind": "scalar",
          "list": false,
          "map": undefined,
          "name": "published",
          "order": -1,
          "read": true,
          "relationField": false,
          "required": true,
          "sort": true,
          "title": "Published",
          "type": "Boolean",
          "unique": false,
          "update": true,
          "upload": false,
        },
        {
          "create": true,
          "defaultValue": undefined,
          "editor": false,
          "filter": true,
          "id": "Post.title",
          "isId": false,
          "kind": "scalar",
          "list": false,
          "map": undefined,
          "name": "title",
          "order": -1,
          "read": true,
          "relationField": false,
          "required": true,
          "sort": true,
          "title": "Title",
          "type": "String",
          "unique": false,
          "update": true,
          "upload": false,
        },
        {
          "create": true,
          "defaultValue": undefined,
          "editor": false,
          "filter": true,
          "id": "Post.author",
          "isId": false,
          "kind": "object",
          "list": false,
          "map": undefined,
          "name": "author",
          "order": -1,
          "read": true,
          "required": false,
          "sort": true,
          "title": "Author",
          "type": "User",
          "unique": false,
          "update": true,
          "upload": false,
        },
        {
          "create": false,
          "defaultValue": undefined,
          "editor": false,
          "filter": true,
          "id": "Post.authorId",
          "isId": false,
          "kind": "scalar",
          "list": false,
          "map": undefined,
          "name": "authorId",
          "order": -1,
          "read": true,
          "relationField": true,
          "required": false,
          "sort": true,
          "title": "Author Id",
          "type": "Int",
          "unique": false,
          "update": false,
          "upload": false,
        },
        {
          "create": false,
          "defaultValue": "now()",
          "editor": false,
          "filter": true,
          "id": "Post.createdAt",
          "isId": false,
          "kind": "scalar",
          "list": false,
          "map": undefined,
          "name": "createdAt",
          "order": -1,
          "read": true,
          "relationField": false,
          "required": true,
          "sort": true,
          "title": "Created At",
          "type": "DateTime",
          "unique": false,
          "update": false,
          "upload": false,
        },
        {
          "create": false,
          "defaultValue": undefined,
          "editor": false,
          "filter": true,
          "id": "Post.updatedAt",
          "isId": false,
          "kind": "scalar",
          "list": false,
          "map": undefined,
          "name": "updatedAt",
          "order": -1,
          "read": true,
          "relationField": false,
          "required": true,
          "sort": true,
          "title": "Updated At",
          "type": "DateTime",
          "unique": false,
          "update": false,
          "upload": false,
        },
      ],
      "id": "Post",
      "idField": "id",
      "name": "Post",
      "update": true,
    },
  ],
}
`;
